IS screening SPY -> SPY
IS progress SPY SPY 64
IS progress SPY SPY 128
IS progress SPY SPY 192
IS progress SPY SPY 256
IS screening SPMO -> SPMO
IS progress SPMO SPMO 64
IS progress SPMO SPMO 128
IS progress SPMO SPMO 192
IS progress SPMO SPMO 256
IS screening VGT -> VGT
IS progress VGT VGT 64
IS progress VGT VGT 128
IS progress VGT VGT 192
IS progress VGT VGT 256
IS screening SMH -> SMH
IS progress SMH SMH 64
IS progress SMH SMH 128
IS progress SMH SMH 192
IS progress SMH SMH 256
IS screening QQQ -> QQQ
IS progress QQQ QQQ 64
IS progress QQQ QQQ 128
IS progress QQQ QQQ 192
IS progress QQQ QQQ 256
IS screening TQQQ -> TQQQ
IS progress TQQQ TQQQ 64
IS progress TQQQ TQQQ 128
IS progress TQQQ TQQQ 192
IS progress TQQQ TQQQ 256
IS screening SMH -> SOXL
IS progress SMH SOXL 64
IS progress SMH SOXL 128
IS progress SMH SOXL 192
IS progress SMH SOXL 256
IS screening QQQ -> TQQQ
IS progress QQQ TQQQ 64
IS progress QQQ TQQQ 128
IS progress QQQ TQQQ 192
IS progress QQQ TQQQ 256
IS candidates frozen: 0
